Enter user type - "standard" or "admin":
Logging in as standard user - enter name:
Account 00001 belongs to "ACHAL PARIKH"
You are now logged out
