Enter user type - "standard" or "admin":
You are now logged in as an admin
COMMAND: withdraw - enter user:
Withdrawing from "ACHAL PARIKH" - enter amount:
You are now logged out
