Enter user type - "standard" or "admin": 
Logging in as standard user - enter name:
You are now logged in as "TONY STARK"
COMMAND: withdraw - enter amount:
ALERT: 0.10 non student fee will be deducted. 
Withdrawal of 400.00 - complete!
You are now logged out 
