Enter user type - "standard" or "admin": 
Logging in as standard user - enter name:
You are now logged in as "ACHAL PARIKH"
COMMAND: withdraw - enter amount:
ALERT: 0.05 student fee will be deducted. 
Withdrawal of 495.00 - complete!
You are now logged out
