Enter user type - "standard" or "admin":
Logging in as standard user - enter name:
You are now logged in as "ACHAL PARIKH"
COMMAND: withdraw - enter amount:
ERROR: Withdrawal limit of 500.00 exceeded. Try again
You are now logged out
