Enter user type - "standard" or "admin": 
Logging in as standard user - enter name:
You are now logged in as "JACK"
COMMAND: withdraw - enter amount:
ALERT: 0.10 fee will be added.
Withdrawal of 25.00 - complete!
You are now logged out
