Login to start:
Enter type of account: "standard" or "admin"
You are now logged in as an admin
Enter a command:
Enter an account holder:
Enter an account number belonging to the account holder:
Account "00012" disabled
Enter a command:
You are now logged out
