Standard users cannot use the 'disable' transaction.