Account 00001 is currently disabled and cannot perform any transactions.