Enter user type - "standard" or "admin": 
You are now logged in as an admin 
COMMAND: paybill - enter user: 
Paying bill for "ACHAL PARIKH" - enter account number:
ERROR: Account number "00002" does not exist. Try again
You are now logged out
