Enter user type - "standard" or "admin":  
Logging in as standard user - enter name:  
ERROR: User "BRUCE WAYNE" does not exist. Try again  
You are now logged out
