Enter user type - "standard" or "admin":
You are now logged in as an admin
COMMAND: deposit - enter user:
ERROR: User "CLARK KENT" does not exist. Try again
You are now logged out
