Enter user type - "standard" or "admin":
 Logging in as standard user - enter name:
You are now logged in as "ACHAL PARIKH"
COMMAND: deposit - enter account number:
Depositing to 00001 - enter amount:
You are now logged out
