Enter user type - "standard" or "admin": 
Logging in as standard user - enter name:
You are now logged in as "ACHAL PARIKH" 
COMMAND: deposit - enter account number:
Depositing to "ACHAL PARIKH" - enter account number:
ERROR: Account number "00002" does not exist. Try again
You are now logged out 
