Enter user type - "standard" or "admin":
Logging in as standard user - enter name:
You are now logged in as "TONY STARK"
COMMAND: deposit - enter account number:
Depositing to 00009 - enter amount:
ERROR: Maximum balance exceeded. Try again
You are now logged out
