Enter user type - "standard" or "admin": 
Logging in as standard user - enter name: 
You are now logged in as "ACHAL PARIKH"
COMMAND: deposit - enter account number:
Depositing to 00001 - enter amount:
ALERT: 0.05 student fee will be deducted.
Deposit of 4.95 - complete!
You are now logged out
