Enter user type - "standard" or "admin": 
Logging in as standard user - enter name: 
You are now logged in as "THOR ODINSON"
COMMAND: deposit - enter account number:
Depositing to 00010 - enter amount:
ALERT: 0.10 fee will be deducted.
Deposit of 4.90 - complete!
You are now logged out
