Login to start:
Enter type of account: "standard" or "admin"
You are now logged in as an admin
Enter a command:
Error, unrecognized command
Enter a command:
You are now logged out
Login to start:
