Standard users cannot use the 'changeplan' transaction.