Login to start:
Enter type of account: "standard" or "admin"
Logging in as standard user - enter name:
You are now logged in as "John Doe"
Enter a command:
Error, standard users cannot use the 'changeplan' transaction
Enter a command:
Error, invalid command, please enter a command:
Error, invalid command, please enter a command:
You are now logged out
Login to start:
