Account number 00002 does not match any accounts held by John Doe.