Login to start:
Enter type of account: "standard" or "admin"
You are now logged in as "John Doe"
Enter a command:
Enter an account holder:
Enter an account number belonging to the account holder:
Error, account number 00013 does not match any accounts owned by "John Doe"
Enter a command:
You are now logged out