Login to start:
Enter type of account: "standard" or "admin"
You are now logged in as an admin
Enter a command:
Enter an account holder:
Enter an account number belonging to the account holder:
Plan changed successfully
Enter a command:
You are now logged out
Login to start:
Enter type of account: "standard" or "admin"
Logging in as standard user - enter name:
You are now logged in as "John Doe"
Enter a command:
Enter an account number:
Enter the amount to be withdrawn:
Withdrawal of $500.00 successful
Enter a command:
You are now logged out
