Enter user type - "standard" or "admin":  
Logging in as standard user - enter name:  
You are now logged in as "ACHAL PARIKH"
COMMAND: transfer - enter FROM account number:
Transferring from 00001 - enter TO account number:
Transferring to 00011 - enter amount:
ERROR: You cannot withdraw that amount as funds are insufficient. Try again
You are now logged out
