Login to start:
Enter type of account: "standard" or "admin"
You are now logged in as an admin
Enter a command:
Enter an account holder:
Enter a balance for the new account:
Account for "Jeff Doe" with account number 00013 created successfully
Enter a command:
You are now logged out
