Standard users cannot use the 'create' transaction.