Login to start:
Enter type of account: "standard" or "admin"
You are now logged in as an admin
Enter a command:
Enter an account holder:
Enter a balance for the new account:
Error, account balance too large, could not create account
Enter a command:
You are now logged out
Login to start:
