Account holder name too long, could not create account.