Account balance too large, could not create account.