Standard users cannot use the 'enable' transaction.