Standard users cannot use the 'delete' transaction.