Login to start:
Enter type of account: "standard" or "admin"
You are now logged in as an admin
Enter a command:
Enter an account holder:
Error, user Jeff Doe does not match any accounts
Enter a command:
Error, invalid command, enter a command:
You are now logged out
Login to start:
