Account 00001 does not currently exist and cannot perform any transactions.