Cannot logout, there is currently no user logged in.