Cannot perform any transactions, there is currently no user logged in.